// Jest Snapshot v1, https://goo.gl/fbAQLP

exports[`codegen happy path string 1`] = `
"
return function render(_ctx, _cache){return 'hi'}"
`;

exports[`codegen interpolation 1`] = `
"
return function render(_ctx, _cache){return _toDisplayString()}"
`;
